error[E0277]: the trait bound `&mut T: Clone` is not satisfied
  --> $DIR/issue-79458.rs:6:5
   |
LL |     bar: &'a mut T
   |     ^^^ the trait `Clone` is not implemented for `&mut T`
   |
   = help: the trait `Clone` is implemented for `&T`
   = note: `Clone` is implemented for `&T`, but not for `&mut T`

error: aborting due to previous error

For more information about this error, try `rustc --explain E0277`.
