error: cannot find attribute `derive_Clone` in this scope
  --> $DIR/issue-32655.rs:3:11
   |
LL |         #[derive_Clone]
   |           ^^^^^^^^^^^^ help: a built-in attribute with a similar name exists: `derived_clone`
...
LL | foo!();
   | ------ in this macro invocation
   |
   = note: this error originates in the macro `foo` (in Nightly builds, run with -Z macro-backtrace for more info)

error: cannot find attribute `derive_Clone` in this scope
  --> $DIR/issue-32655.rs:15:7
   |
LL |     #[derive_Clone]
   |       ^^^^^^^^^^^^ help: a built-in attribute with a similar name exists: `derived_clone`

error: aborting due to 2 previous errors

